Microchip MPLAB XC8 Compiler V2.32

Linker command line:

-W-3 --edf=C:\Program Files\Microchip\xc8\v2.32\pic\dat\en_msgs.txt -cn \
  -h+dist/default/production\Final.X.production.sym \
  --cmf=dist/default/production\Final.X.production.cmf -z -Q18F4550 \
  -oC:\Users\alana\AppData\Local\Temp\xcAs13a4.4 --defsym=__MPLAB_BUILD=1 \
  -Mdist/default/production/Final.X.production.map -E1 -ver=XC8 Compiler \
  --acfsm=1493 -ASTACK=0E3h-05EFh -pstack=STACK -ACODE=00h-07FFFh \
  -ACONST=00h-07FFFh -ASMALLCONST=0800h-08FFhx120 \
  -AMEDIUMCONST=0800h-07FFFh -ACOMRAM=01h-05Fh -AABS1=00h-07FFh \
  -ABIGRAM=01h-07FFh -ARAM=060h-0FFh,0100h-01FFhx7 -ABANK0=060h-0FFh \
  -ABANK1=0100h-01FFh -ABANK2=0200h-02FFh -ABANK3=0300h-03FFh \
  -ABANK4=0400h-04FFh -ABANK5=0500h-05FFh -ABANK6=0600h-06FFh \
  -ABANK7=0700h-07FFh -ASFR=0F60h-0FFFh -ACONFIG=0300000h-030000Dh \
  -AIDLOC=0200000h-0200007h -AEEDATA=0F00000h-0F000FFh -peeprom_data=EEDATA \
  -preset_vec=00h,intcode,intcodelo,powerup,init -pramtop=0800h \
  -psmallconst=SMALLCONST -pmediumconst=MEDIUMCONST -pconst=CONST \
  -AFARRAM=00h-00h \
  -prdata=COMRAM,nvrram=COMRAM,nvbit=COMRAM,rbss=COMRAM,rbit=COMRAM \
  -pfarbss=FARRAM,fardata=FARRAM,nvFARRAM=FARRAM \
  -pintsave_regs=BIGRAM,bigbss=BIGRAM,bigdata=BIGRAM -pbss=RAM \
  -pidata=CODE,irdata=CODE,ibigdata=CODE,ifardata=CODE -prparam=COMRAM \
  C:\Users\alana\AppData\Local\Temp\xcAs13a4.o \
  dist/default/production\Final.X.production.o 

Object code version is 3.11

Machine type is 18F4550



                Name                               Link     Load   Length Selector   Space Scale
C:\Users\alana\AppData\Local\Temp\xcAs13a4.o
                idloc                            200000   200000        8        0       5
                config                           300000   300000        E        0       4
                init                                  0        0        4        0       0
dist/default/production\Final.X.production.o
                idloc                            200000   200000        8        0       5
                config                           300000   300000        E        0       4
                smallconst                          800      800       1E      400       0
                text40                             4082     4082       1A      40F       0
                text39                             3E4C     3E4C       46      40F       0
                text38                             40C4     40C4       10      40F       0
                text37                             3D08     3D08       5A      40F       0
                text36                             3F5A     3F5A       3E      40F       0
                text35                             36AE     36AE       EA      40F       0
                text34                             4034     4034       28      40F       0
                text33                             3BD2     3BD2       76      40F       0
                text32                             3DB4     3DB4       52      40F       0
                text31                             3FCE     3FCE       36      40F       0
                text30                             4004     4004       30      40F       0
                text29                             3AA0     3AA0       AA      40F       0
                text28                             35AA     35AA      104      40F       0
                text27                             1E8E     1E8E      42A      40F       0
                text26                             405C     405C       26      40F       0
                text25                             3928     3928       C4      40F       0
                text24                             39EC     39EC       B4      40F       0
                text23                             3ED6     3ED6       44      40F       0
                text22                             22B8     22B8      39A      40F       0
                text21                             19CE     19CE      4C0      40F       0
                text20                             3E06     3E06       46      40F       0
                text19                             34A4     34A4      106      40F       0
                text18                             2CF8     2CF8      1B4      40F       0
                text17                             31CA     31CA      176      40F       0
                text16                             3042     3042      188      40F       0
                text15                             3340     3340      164      40F       0
                text14                             3F1A     3F1A       40      40F       0
                text13                             40DA     40DA        2      40F       0
                text12                             3798     3798       CA      40F       0
                text11                             3E92     3E92       44      40F       0
                text10                             3F98     3F98       36      40F       0
                text9                              3862     3862       C6      40F       0
                text8                              2652     2652      2E2      40F       0
                text7                              2B44     2B44      1B4      40F       0
                text6                              3C48     3C48       62      40F       0
                text5                              3D62     3D62       52      40F       0
                text4                              2EAC     2EAC      196      40F       0
                text3                               81E      81E     11B0      40F       0
                text2                              40B2     40B2       12      40F       0
                text1                              409C     409C       16      40F       0
                text0                              3B4A     3B4A       88      40F       0
                cstackCOMRAM                          1        1       5F        1       1
                cstackBANK0                          C4       C4       17       60       1
                dataBIGRAM                          5F0      5F0      210      5F0       1
                dataBANK0                            DB       DB        6       60       1
                bssBANK0                             60       60       64       60       1
                cinit                              3CAA     3CAA       5E      40F       0
                nvBANK0                              E1       E1        2       60       1
                idataBANK0                         40D4     40D4        6      40F       0
                idataBIGRAM                        2934     2934      210      40F       0

TOTAL           Name                               Link     Load   Length     Space
        CLASS   STACK          

        CLASS   CODE           
                init                                  0        0        4         0
                text40                             4082     4082       1A         0
                text39                             3E4C     3E4C       46         0
                text38                             40C4     40C4       10         0
                text37                             3D08     3D08       5A         0
                text36                             3F5A     3F5A       3E         0
                text35                             36AE     36AE       EA         0
                text34                             4034     4034       28         0
                text33                             3BD2     3BD2       76         0
                text32                             3DB4     3DB4       52         0
                text31                             3FCE     3FCE       36         0
                text30                             4004     4004       30         0
                text29                             3AA0     3AA0       AA         0
                text28                             35AA     35AA      104         0
                text27                             1E8E     1E8E      42A         0
                text26                             405C     405C       26         0
                text25                             3928     3928       C4         0
                text24                             39EC     39EC       B4         0
                text23                             3ED6     3ED6       44         0
                text22                             22B8     22B8      39A         0
                text21                             19CE     19CE      4C0         0
                text20                             3E06     3E06       46         0
                text19                             34A4     34A4      106         0
                text18                             2CF8     2CF8      1B4         0
                text17                             31CA     31CA      176         0
                text16                             3042     3042      188         0
                text15                             3340     3340      164         0
                text14                             3F1A     3F1A       40         0
                text13                             40DA     40DA        2         0
                text12                             3798     3798       CA         0
                text11                             3E92     3E92       44         0
                text10                             3F98     3F98       36         0
                text9                              3862     3862       C6         0
                text8                              2652     2652      2E2         0
                text7                              2B44     2B44      1B4         0
                text6                              3C48     3C48       62         0
                text5                              3D62     3D62       52         0
                text4                              2EAC     2EAC      196         0
                text3                               81E      81E     11B0         0
                text2                              40B2     40B2       12         0
                text1                              409C     409C       16         0
                text0                              3B4A     3B4A       88         0
                cinit                              3CAA     3CAA       5E         0
                idataBANK0                         40D4     40D4        6         0
                idataBIGRAM                        2934     2934      210         0

        CLASS   CONST          

        CLASS   SMALLCONST     
                smallconst                          800      800       1E         0

        CLASS   MEDIUMCONST    

        CLASS   COMRAM         
                cstackCOMRAM                          1        1       5F         1

        CLASS   ABS1           

        CLASS   BIGRAM         
                dataBIGRAM                          5F0      5F0      210         1

        CLASS   RAM            

        CLASS   BANK0          
                cstackBANK0                          C4       C4       17         1
                dataBANK0                            DB       DB        6         1
                bssBANK0                             60       60       64         1
                nvBANK0                              E1       E1        2         1

        CLASS   BANK1          

        CLASS   BANK2          

        CLASS   BANK3          

        CLASS   BANK4          

        CLASS   BANK5          

        CLASS   BANK6          

        CLASS   BANK7          

        CLASS   SFR            

        CLASS   CONFIG         
                config                           300000   300000        E         4

        CLASS   IDLOC          
                idloc                            200000   200000        8         5

        CLASS   EEDATA         

        CLASS   FARRAM         



SEGMENTS        Name                           Load    Length   Top    Selector   Space  Class

                reset_vec                      000000  000004  000004         0       0  CODE    
                cstackCOMRAM                   000001  00005F  000060         1       1  COMRAM  
                bssBANK0                       000060  000083  0000E3        60       1  BANK0   
                dataBIGRAM                     0005F0  000210  000800       5F0       1  BIGRAM  
                smallconst                     000800  00001E  00081E       400       0  SMALLCON
                text3                          00081E  0038BE  0040DC       40F       0  CODE    


UNUSED ADDRESS RANGES

        Name                Unused          Largest block    Delta
        BANK0            0000E3-0000FF               1D
        BANK1            000100-0001FF              100
        BANK2            000200-0002FF              100
        BANK3            000300-0003FF              100
        BANK4            000400-0004FF              100
        BANK5            000500-0005EF               F0
        BIGRAM           0000E3-0005EF              50D
        CODE             000004-0007FF              7FC
                         0040DC-007FFF             3F24
        CONST            000004-0007FF              7FC
                         0040DC-007FFF             3F24
        EEDATA           F00000-F000FF              100
        MEDIUMCONST      0040DC-007FFF             3F24
        RAM              0000E3-0005EF              100
        SFR              000F60-000FFF               A0
        SMALLCONST       0040DC-007FFF              100
        STACK            0000E3-0005EF              50D

                                  Symbol Table

?___aodiv                    cstackCOMRAM 000001
?___aomod                    cstackCOMRAM 000001
?___awdiv                    cstackCOMRAM 000001
?___fladd                    cstackCOMRAM 000041
?___fldiv                    cstackCOMRAM 000028
?___flmul                    cstackCOMRAM 00000F
?___flsub                    cstackCOMRAM 000051
?___fltol                    cstackCOMRAM 000051
?___wmul                     cstackCOMRAM 000001
?___xxtofl                   cstackCOMRAM 000001
?_abs                        cstackCOMRAM 000013
?_dtoa                       cstackCOMRAM 00001C
?_leerADC                    cstackCOMRAM 000009
?_pad                        cstackCOMRAM 000011
?_sprintf                    cstackCOMRAM 000058
?_strlen                     cstackCOMRAM 000001
?_vfpfcnvrt                  cstackCOMRAM 000040
?_vfprintf                   cstackCOMRAM 000050
LCD_WriteChr_CGRAM@Addres    cstackCOMRAM 000007
LCD_WriteChr_CGRAM@buffer    cstackCOMRAM 000005
LCD_WriteChr_CGRAM@i         cstackCOMRAM 000008
LCD_gotoXY@x                 cstackCOMRAM 000013
LCD_gotoXY@y                 cstackCOMRAM 000015
OpenXLCD@lcdtype             cstackCOMRAM 000005
SetCGRamAddr@CGaddr          cstackCOMRAM 000004
SetDDRamAddr@DDaddr          cstackCOMRAM 000004
WriteCmdXLCD@cmd             cstackCOMRAM 000001
WriteDataXLCD@data           cstackCOMRAM 000001
_ADCON0                      (abs)        000FC2
_ADCON0bits                  (abs)        000FC2
_ADCON1                      (abs)        000FC1
_ADCON2                      (abs)        000FC0
_ADON                        (abs)        007E10
_ADRESH                      (abs)        000FC4
_ADRESL                      (abs)        000FC3
_BusyXLCD                    text39       003E4C
_DelayFor18TCY               text40       004082
_DelayPORXLCD                text38       0040C4
_GO                          (abs)        007E11
_INTCONbits                  (abs)        000FF2
_LATDbits                    (abs)        000F8C
_LCD_Init                    text34       004034
_LCD_WriteChr_CGRAM          text31       003FCE
_LCD_gotoXY                  text30       004004
_OpenXLCD                    text35       0036AE
_PORTBbits                   (abs)        000F81
_PORTD                       (abs)        000F83
_SetCGRamAddr                text33       003BD2
_SetDDRamAddr                text37       003D08
_T0CONbits                   (abs)        000FD5
_TMR0                        (abs)        000FD6
_TRISA                       (abs)        000F92
_TRISB                       (abs)        000F93
_TRISD                       (abs)        000F95
_TRISDbits                   (abs)        000F95
_WriteCmdXLCD                text36       003F5A
_WriteDataXLCD               text32       003DB4
__HRAM                       (abs)        000000
__Habs1                      abs1         000000
__Hbank0                     bank0        000000
__Hbank1                     bank1        000000
__Hbank2                     bank2        000000
__Hbank3                     bank3        000000
__Hbank4                     bank4        000000
__Hbank5                     bank5        000000
__Hbank6                     bank6        000000
__Hbank7                     bank7        000000
__Hbigbss                    bigbss       000000
__Hbigdata                   bigdata      000000
__Hbigram                    bigram       000000
__Hbss                       bss          000000
__HbssBANK0                  bssBANK0     000000
__Hcinit                     cinit        000000
__Hclrtext                   clrtext      000000
__Hcomram                    comram       000000
__Hconfig                    config       30000E
__Hconst                     const        000000
__HcstackBANK0               cstackBANK0  000000
__HcstackCOMRAM              cstackCOMRAM 000000
__Hdata                      data         000000
__HdataBANK0                 dataBANK0    000000
__HdataBIGRAM                dataBIGRAM   000000
__Heeprom_data               eeprom_data  000000
__Hfarbss                    farbss       000000
__Hfardata                   fardata      000000
__Hibigdata                  ibigdata     000000
__Hidata                     idata        000000
__HidataBANK0                idataBANK0   000000
__HidataBIGRAM               idataBIGRAM  000000
__Hidloc                     idloc        200008
__Hifardata                  ifardata     000000
__Hinit                      init         000004
__Hintcode                   intcode      000000
__Hintcode_body              intcode_body 000000
__Hintcodelo                 intcodelo    000000
__Hintentry                  intentry     000000
__Hintret                    intret       000000
__Hintsave_regs              intsave_regs 000000
__Hirdata                    irdata       000000
__Hmediumconst               mediumconst  000000
__HnvBANK0                   nvBANK0      000000
__HnvFARRAM                  nvFARRAM     000000
__Hnvbit                     nvbit        000000
__Hnvrram                    nvrram       000000
__Hparam                     rparam       000000
__Hpowerup                   powerup      000000
__Hram                       ram          000000
__Hramtop                    ramtop       000800
__Hrbit                      rbit         000000
__Hrbss                      rbss         000000
__Hrdata                     rdata        000000
__Hreset_vec                 reset_vec    000000
__Hrparam                    rparam       000000
__Hsfr                       sfr          000000
__Hsmallconst                smallconst   00081E
__Hspace_0                   (abs)        0040DC
__Hspace_1                   (abs)        000800
__Hspace_2                   (abs)        000000
__Hspace_4                   (abs)        60000E
__Hstack                     stack        000000
__Hstruct                    struct       000000
__Htemp                      temp         000000
__Htext                      text         000000
__Htext0                     text0        000000
__Htext1                     text1        000000
__Htext10                    text10       000000
__Htext11                    text11       000000
__Htext12                    text12       000000
__Htext13                    text13       000000
__Htext14                    text14       000000
__Htext15                    text15       000000
__Htext16                    text16       000000
__Htext17                    text17       000000
__Htext18                    text18       000000
__Htext19                    text19       000000
__Htext2                     text2        000000
__Htext20                    text20       000000
__Htext21                    text21       000000
__Htext22                    text22       000000
__Htext23                    text23       000000
__Htext24                    text24       000000
__Htext25                    text25       000000
__Htext26                    text26       000000
__Htext27                    text27       000000
__Htext28                    text28       000000
__Htext29                    text29       000000
__Htext3                     text3        000000
__Htext30                    text30       000000
__Htext31                    text31       000000
__Htext32                    text32       000000
__Htext33                    text33       000000
__Htext34                    text34       000000
__Htext35                    text35       000000
__Htext36                    text36       000000
__Htext37                    text37       000000
__Htext38                    text38       000000
__Htext39                    text39       000000
__Htext4                     text4        000000
__Htext40                    text40       000000
__Htext5                     text5        000000
__Htext6                     text6        000000
__Htext7                     text7        000000
__Htext8                     text8        000000
__Htext9                     text9        000000
__LRAM                       (abs)        000001
__Labs1                      abs1         000000
__Lbank0                     bank0        000000
__Lbank1                     bank1        000000
__Lbank2                     bank2        000000
__Lbank3                     bank3        000000
__Lbank4                     bank4        000000
__Lbank5                     bank5        000000
__Lbank6                     bank6        000000
__Lbank7                     bank7        000000
__Lbigbss                    bigbss       000000
__Lbigdata                   bigdata      000000
__Lbigram                    bigram       000000
__Lbss                       bss          000000
__LbssBANK0                  bssBANK0     000000
__Lcinit                     cinit        000000
__Lclrtext                   clrtext      000000
__Lcomram                    comram       000000
__Lconfig                    config       000000
__Lconst                     const        000000
__LcstackBANK0               cstackBANK0  000000
__LcstackCOMRAM              cstackCOMRAM 000000
__Ldata                      data         000000
__LdataBANK0                 dataBANK0    000000
__LdataBIGRAM                dataBIGRAM   000000
__Leeprom_data               eeprom_data  000000
__Lfarbss                    farbss       000000
__Lfardata                   fardata      000000
__Libigdata                  ibigdata     000000
__Lidata                     idata        000000
__LidataBANK0                idataBANK0   000000
__LidataBIGRAM               idataBIGRAM  000000
__Lidloc                     idloc        000000
__Lifardata                  ifardata     000000
__Linit                      init         000000
__Lintcode                   intcode      000000
__Lintcode_body              intcode_body 000000
__Lintcodelo                 intcodelo    000000
__Lintentry                  intentry     000000
__Lintret                    intret       000000
__Lintsave_regs              intsave_regs 000000
__Lirdata                    irdata       000000
__Lmediumconst               mediumconst  000000
__LnvBANK0                   nvBANK0      000000
__LnvFARRAM                  nvFARRAM     000000
__Lnvbit                     nvbit        000000
__Lnvrram                    nvrram       000000
__Lparam                     rparam       000000
__Lpowerup                   powerup      000000
__Lram                       ram          000000
__Lramtop                    ramtop       000800
__Lrbit                      rbit         000000
__Lrbss                      rbss         000000
__Lrdata                     rdata        000000
__Lreset_vec                 reset_vec    000000
__Lrparam                    rparam       000000
__Lsfr                       sfr          000000
__Lsmallconst                smallconst   000800
__Lspace_0                   (abs)        000000
__Lspace_1                   (abs)        000000
__Lspace_2                   (abs)        000000
__Lspace_4                   (abs)        000000
__Lstack                     stack        000000
__Lstruct                    struct       000000
__Ltemp                      temp         000000
__Ltext                      text         000000
__Ltext0                     text0        000000
__Ltext1                     text1        000000
__Ltext10                    text10       000000
__Ltext11                    text11       000000
__Ltext12                    text12       000000
__Ltext13                    text13       000000
__Ltext14                    text14       000000
__Ltext15                    text15       000000
__Ltext16                    text16       000000
__Ltext17                    text17       000000
__Ltext18                    text18       000000
__Ltext19                    text19       000000
__Ltext2                     text2        000000
__Ltext20                    text20       000000
__Ltext21                    text21       000000
__Ltext22                    text22       000000
__Ltext23                    text23       000000
__Ltext24                    text24       000000
__Ltext25                    text25       000000
__Ltext26                    text26       000000
__Ltext27                    text27       000000
__Ltext28                    text28       000000
__Ltext29                    text29       000000
__Ltext3                     text3        000000
__Ltext30                    text30       000000
__Ltext31                    text31       000000
__Ltext32                    text32       000000
__Ltext33                    text33       000000
__Ltext34                    text34       000000
__Ltext35                    text35       000000
__Ltext36                    text36       000000
__Ltext37                    text37       000000
__Ltext38                    text38       000000
__Ltext39                    text39       000000
__Ltext4                     text4        000000
__Ltext40                    text40       000000
__Ltext5                     text5        000000
__Ltext6                     text6        000000
__Ltext7                     text7        000000
__Ltext8                     text8        000000
__Ltext9                     text9        000000
__S0                         (abs)        0040DC
__S1                         (abs)        000800
__S2                         (abs)        000000
__S4                         (abs)        000000
__S5                         (abs)        000000
___aodiv                     text16       003042
___aodiv@counter             cstackCOMRAM 000011
___aodiv@dividend            cstackCOMRAM 000001
___aodiv@divisor             cstackCOMRAM 000009
___aodiv@quotient            cstackCOMRAM 000013
___aodiv@sign                cstackCOMRAM 000012
___aomod                     text15       003340
___aomod@counter             cstackCOMRAM 000011
___aomod@dividend            cstackCOMRAM 000001
___aomod@divisor             cstackCOMRAM 000009
___aomod@sign                cstackCOMRAM 000012
___awdiv                     text25       003928
___awdiv@counter             cstackCOMRAM 000005
___awdiv@dividend            cstackCOMRAM 000001
___awdiv@divisor             cstackCOMRAM 000003
___awdiv@quotient            cstackCOMRAM 000007
___awdiv@sign                cstackCOMRAM 000006
___fladd                     text21       0019CE
___fladd@a                   cstackCOMRAM 000045
___fladd@aexp                cstackCOMRAM 00004E
___fladd@b                   cstackCOMRAM 000041
___fladd@bexp                cstackCOMRAM 00004F
___fladd@grs                 cstackCOMRAM 000050
___fladd@signs               cstackCOMRAM 00004D
___fldiv                     text22       0022B8
___fldiv@a                   cstackCOMRAM 00002C
___fldiv@aexp                cstackCOMRAM 000040
___fldiv@b                   cstackCOMRAM 000028
___fldiv@bexp                cstackCOMRAM 00003F
___fldiv@grs                 cstackCOMRAM 00003B
___fldiv@new_exp             cstackCOMRAM 000039
___fldiv@rem                 cstackCOMRAM 000034
___fldiv@sign                cstackCOMRAM 000038
___fleq                      text29       003AA0
___fleq@ff1                  cstackCOMRAM 000007
___fleq@ff2                  cstackCOMRAM 00000B
___flge                      text28       0035AA
___flge@ff1                  cstackCOMRAM 000001
___flge@ff2                  cstackCOMRAM 000005
___flmul                     text27       001E8E
___flmul@a                   cstackCOMRAM 000013
___flmul@aexp                cstackCOMRAM 000020
___flmul@b                   cstackCOMRAM 00000F
___flmul@bexp                cstackCOMRAM 000021
___flmul@grs                 cstackCOMRAM 00001C
___flmul@prod                cstackCOMRAM 000022
___flmul@sign                cstackCOMRAM 00001B
___flmul@temp                cstackCOMRAM 000026
___flsub                     text20       003E06
___flsub@a                   cstackCOMRAM 000055
___flsub@b                   cstackCOMRAM 000051
___fltol                     text19       0034A4
___fltol@exp1                cstackCOMRAM 00005A
___fltol@f1                  cstackCOMRAM 000051
___fltol@sign1               cstackCOMRAM 000059
___inthi_sp                  stack        000000
___intlo_sp                  stack        000000
___param_bank                (abs)        000000
___rparam_used               (abs)        000001
___sp                        stack        000000
___wmul                      text26       00405C
___wmul@multiplicand         cstackCOMRAM 000003
___wmul@multiplier           cstackCOMRAM 000001
___wmul@product              cstackCOMRAM 000005
___xxtofl                    text18       002CF8
___xxtofl@arg                cstackCOMRAM 00000B
___xxtofl@exp                cstackCOMRAM 00000A
___xxtofl@sign               cstackCOMRAM 000009
___xxtofl@val                cstackCOMRAM 000001
__accesstop                  (abs)        000060
__activetblptr               (abs)        000001
__end_of_BusyXLCD            text39       003E92
__end_of_DelayFor18TCY       text40       00409C
__end_of_DelayPORXLCD        text38       0040D4
__end_of_LCD_Init            text34       00405C
__end_of_LCD_WriteChr_CGRAM  text31       004004
__end_of_LCD_gotoXY          text30       004034
__end_of_OpenXLCD            text35       003798
__end_of_SetCGRamAddr        text33       003C48
__end_of_SetDDRamAddr        text37       003D62
__end_of_WriteCmdXLCD        text36       003F98
__end_of_WriteDataXLCD       text32       003E06
__end_of___aodiv             text16       0031CA
__end_of___aomod             text15       0034A4
__end_of___awdiv             text25       0039EC
__end_of___fladd             text21       001E8E
__end_of___fldiv             text22       002652
__end_of___fleq              text29       003B4A
__end_of___flge              text28       0036AE
__end_of___flmul             text27       0022B8
__end_of___flsub             text20       003E4C
__end_of___fltol             text19       0035AA
__end_of___wmul              text26       004082
__end_of___xxtofl            text18       002EAC
__end_of__initialization     cinit        003CFA
__end_of_abs                 text14       003F5A
__end_of_cancion1            text3        0019CE
__end_of_confADC             text2        0040C4
__end_of_confT0              text1        0040B2
__end_of_dtoa                text8        002934
__end_of_fputc               text12       003862
__end_of_fputs               text11       003ED6
__end_of_leerADC             text24       003AA0
__end_of_main                text0        003BD2
__end_of_pad                 text9        003928
__end_of_personaje           smallconst   00080A
__end_of_personajeD          smallconst   00081A
__end_of_personajeI          smallconst   000812
__end_of_putch               text13       0040DC
__end_of_putrsXLCD           text23       003F1A
__end_of_silencio            text17       003340
__end_of_sprintf             text5        003DB4
__end_of_strlen              text10       003FCE
__end_of_tocar_nota          text4        003042
__end_of_vfpfcnvrt           text7        002CF8
__end_of_vfprintf            text6        003CAA
__initialization             cinit        003CAA
__mediumconst                mediumconst  000000
__pbssBANK0                  bssBANK0     000060
__pcinit                     cinit        003CAA
__pcstackBANK0               cstackBANK0  0000C4
__pcstackCOMRAM              cstackCOMRAM 000001
__pdataBANK0                 dataBANK0    0000DB
__pdataBIGRAM                dataBIGRAM   0005F0
__pidataBANK0                idataBANK0   0040D4
__pidataBIGRAM               idataBIGRAM  002934
__pnvBANK0                   nvBANK0      0000E1
__psmallconst                smallconst   000800
__ptext0                     text0        003B4A
__ptext1                     text1        00409C
__ptext10                    text10       003F98
__ptext11                    text11       003E92
__ptext12                    text12       003798
__ptext13                    text13       0040DA
__ptext14                    text14       003F1A
__ptext15                    text15       003340
__ptext16                    text16       003042
__ptext17                    text17       0031CA
__ptext18                    text18       002CF8
__ptext19                    text19       0034A4
__ptext2                     text2        0040B2
__ptext20                    text20       003E06
__ptext21                    text21       0019CE
__ptext22                    text22       0022B8
__ptext23                    text23       003ED6
__ptext24                    text24       0039EC
__ptext25                    text25       003928
__ptext26                    text26       00405C
__ptext27                    text27       001E8E
__ptext28                    text28       0035AA
__ptext29                    text29       003AA0
__ptext3                     text3        00081E
__ptext30                    text30       004004
__ptext31                    text31       003FCE
__ptext32                    text32       003DB4
__ptext33                    text33       003BD2
__ptext34                    text34       004034
__ptext35                    text35       0036AE
__ptext36                    text36       003F5A
__ptext37                    text37       003D08
__ptext38                    text38       0040C4
__ptext39                    text39       003E4C
__ptext4                     text4        002EAC
__ptext40                    text40       004082
__ptext5                     text5        003D62
__ptext6                     text6        003C48
__ptext7                     text7        002B44
__ptext8                     text8        002652
__ptext9                     text9        003862
__ramtop                     ramtop       000800
__size_of_BusyXLCD           (abs)        000000
__size_of_DelayFor18TCY      (abs)        000000
__size_of_DelayPORXLCD       (abs)        000000
__size_of_LCD_Init           (abs)        000000
__size_of_LCD_WriteChr_CGRAM (abs)        000000
__size_of_LCD_gotoXY         (abs)        000000
__size_of_OpenXLCD           (abs)        000000
__size_of_SetCGRamAddr       (abs)        000000
__size_of_SetDDRamAddr       (abs)        000000
__size_of_WriteCmdXLCD       (abs)        000000
__size_of_WriteDataXLCD      (abs)        000000
__size_of___aodiv            (abs)        000000
__size_of___aomod            (abs)        000000
__size_of___awdiv            (abs)        000000
__size_of___fladd            (abs)        000000
__size_of___fldiv            (abs)        000000
__size_of___fleq             (abs)        000000
__size_of___flge             (abs)        000000
__size_of___flmul            (abs)        000000
__size_of___flsub            (abs)        000000
__size_of___fltol            (abs)        000000
__size_of___wmul             (abs)        000000
__size_of___xxtofl           (abs)        000000
__size_of_abs                (abs)        000000
__size_of_cancion1           (abs)        000000
__size_of_confADC            (abs)        000000
__size_of_confT0             (abs)        000000
__size_of_dtoa               (abs)        000000
__size_of_fputc              (abs)        000000
__size_of_fputs              (abs)        000000
__size_of_leerADC            (abs)        000000
__size_of_main               (abs)        000000
__size_of_pad                (abs)        000000
__size_of_putch              (abs)        000000
__size_of_putrsXLCD          (abs)        000000
__size_of_silencio           (abs)        000000
__size_of_sprintf            (abs)        000000
__size_of_strlen             (abs)        000000
__size_of_tocar_nota         (abs)        000000
__size_of_vfpfcnvrt          (abs)        000000
__size_of_vfprintf           (abs)        000000
__smallconst                 smallconst   000800
_a                           bssBANK0     000084
_abs                         text14       003F1A
_b                           bssBANK0     000082
_buffer                      bssBANK0     000060
_buffer1                     bssBANK0     0000AD
_cancion                     dataBIGRAM   0005F0
_cancion1                    text3        00081E
_cancion1$1262               cstackBANK0  0000D1
_cancion1$1263               cstackBANK0  0000D3
_confADC                     text2        0040B2
_confT0                      text1        00409C
_contador                    dataBANK0    0000DF
_dbuf                        bssBANK0     00008D
_dtoa                        text8        002652
_dtoa$992                    cstackCOMRAM 00002E
_f                           bssBANK0     00008C
_flags                       bssBANK0     00007E
_fputc                       text12       003798
_fputs                       text11       003E92
_i                           bssBANK0     000086
_k                           dataBANK0    0000DD
_l                           dataBANK0    0000DB
_leerADC                     text24       0039EC
_main                        text0        003B4A
_nout                        bssBANK0     000078
_pad                         text9        003862
_personaje                   smallconst   000801
_personajeD                  smallconst   000812
_personajeI                  smallconst   00080A
_prec                        bssBANK0     00007C
_puntos                      bssBANK0     00008A
_putch                       text13       0040DA
_putrsXLCD                   text23       003ED6
_s                           bssBANK0     000080
_silencio                    text17       0031CA
_silencio$1261               cstackCOMRAM 00005C
_sprintf                     text5        003D62
_strlen                      text10       003F98
_tiempo                      bssBANK0     000074
_tiempo2                     bssBANK0     000088
_tocar_nota                  text4        002EAC
_tocar_nota$1260             cstackBANK0  0000CA
_vel                         nvBANK0      0000E1
_vfpfcnvrt                   text7        002B44
_vfprintf                    text6        003C48
_width                       bssBANK0     00007A
abs@a                        cstackCOMRAM 000013
cancion1@j                   cstackBANK0  0000D5
dtoa@d                       cstackCOMRAM 00001E
dtoa@fp                      cstackCOMRAM 00001C
dtoa@i                       cstackCOMRAM 00003E
dtoa@n                       cstackCOMRAM 000036
dtoa@p                       cstackCOMRAM 000030
dtoa@s                       cstackCOMRAM 000034
dtoa@w                       cstackCOMRAM 000032
end_of_initialization        cinit        003CFA
fputc@c                      cstackCOMRAM 000001
fputc@fp                     cstackCOMRAM 000003
fputs@c                      cstackCOMRAM 00000E
fputs@fp                     cstackCOMRAM 00000C
fputs@i                      cstackCOMRAM 00000F
fputs@s                      cstackCOMRAM 00000A
intlevel0                    text         000000
intlevel1                    text         000000
intlevel2                    text         000000
intlevel3                    text         000000
isa$std                      (abs)        000001
isa$xinst                    (abs)        000000
leerADC@canal                cstackCOMRAM 000009
leerADC@digital              cstackCOMRAM 00000F
leerADC@final                cstackCOMRAM 000011
main@f                       cstackBANK0  0000D9
pad@buf                      cstackCOMRAM 000013
pad@fp                       cstackCOMRAM 000011
pad@i                        cstackCOMRAM 000018
pad@p                        cstackCOMRAM 000015
pad@w                        cstackCOMRAM 00001A
putrsXLCD@buffer             cstackCOMRAM 000002
silencio@duracion            cstackBANK0  0000C4
silencio@tfrec               cstackBANK0  0000C6
sprintf@ap                   cstackBANK0  0000C4
sprintf@f                    cstackBANK0  0000C6
sprintf@fmt                  cstackCOMRAM 00005A
sprintf@s                    cstackCOMRAM 000058
stackhi                      (abs)        0005EF
stacklo                      (abs)        0000E3
start                        init         000000
start_initialization         cinit        003CAA
strlen@a                     cstackCOMRAM 000003
strlen@s                     cstackCOMRAM 000001
tocar_nota@duracion          cstackBANK0  0000C4
tocar_nota@duracion2         cstackBANK0  0000CE
tocar_nota@tfrec             cstackBANK0  0000C6
vfpfcnvrt@ap                 cstackCOMRAM 000044
vfpfcnvrt@fmt                cstackCOMRAM 000042
vfpfcnvrt@fp                 cstackCOMRAM 000040
vfpfcnvrt@ll                 cstackCOMRAM 000048
vfprintf@ap                  cstackCOMRAM 000054
vfprintf@cfmt                cstackCOMRAM 000056
vfprintf@fmt                 cstackCOMRAM 000052
vfprintf@fp                  cstackCOMRAM 000050


MODULE INFORMATION

Module		Function		Class		Link	Load	Size
C:\Program Files\Microchip\xc8\v2.32\pic\sources\c99\common\nf_sprintf.c
		_sprintf       		CODE           	3D62	0000	82

C:\Program Files\Microchip\xc8\v2.32\pic\sources\c99\common\nf_sprintf.c estimated size: 82

C:\Program Files\Microchip\xc8\v2.32\pic\sources\c99\common\awdiv.c
		___awdiv       		CODE           	3928	0000	196

C:\Program Files\Microchip\xc8\v2.32\pic\sources\c99\common\awdiv.c estimated size: 196

C:\Program Files\Microchip\xc8\v2.32\pic\sources\c99\common\sprcadd.c
		___flsub       		CODE           	3E06	0000	70
		___fladd       		CODE           	19CE	0000	1216

C:\Program Files\Microchip\xc8\v2.32\pic\sources\c99\common\sprcadd.c estimated size: 1286

C:\Program Files\Microchip\xc8\v2.32\pic\sources\c99\common\doprnt.c
		_vfpfcnvrt     		CODE           	2B44	0000	436
		_pad           		CODE           	3862	0000	198
		_dtoa          		CODE           	2652	0000	738
		_vfprintf      		CODE           	3C48	0000	98

C:\Program Files\Microchip\xc8\v2.32\pic\sources\c99\common\doprnt.c estimated size: 1470

C:\Program Files\Microchip\xc8\v2.32\pic\sources\c99\common\nf_fputs.c
		_fputs         		CODE           	3E92	0000	68

C:\Program Files\Microchip\xc8\v2.32\pic\sources\c99\common\nf_fputs.c estimated size: 68

C:\Program Files\Microchip\xc8\v2.32\pic\sources\c99\common\fleq.c
		___fleq        		CODE           	3AA0	0000	170

C:\Program Files\Microchip\xc8\v2.32\pic\sources\c99\common\fleq.c estimated size: 170

C:\Program Files\Microchip\xc8\v2.32\pic\sources\c99\common\putch.c
		_putch         		CODE           	40DA	0000	2

C:\Program Files\Microchip\xc8\v2.32\pic\sources\c99\common\putch.c estimated size: 2

C:\Program Files\Microchip\xc8\v2.32\pic\sources\c99\common\Umul16.c
		___wmul        		CODE           	405C	0000	38

C:\Program Files\Microchip\xc8\v2.32\pic\sources\c99\common\Umul16.c estimated size: 38

C:\Program Files\Microchip\xc8\v2.32\pic\sources\c99\common\abs.c
		_abs           		CODE           	3F1A	0000	64

C:\Program Files\Microchip\xc8\v2.32\pic\sources\c99\common\abs.c estimated size: 64

C:\Program Files\Microchip\xc8\v2.32\pic\sources\c99\common\aomod.c
		___aomod       		CODE           	3340	0000	356

C:\Program Files\Microchip\xc8\v2.32\pic\sources\c99\common\aomod.c estimated size: 356

shared
		__initialization		CODE           	3CAA	0000	80
		_personaje     		SMALLCONST     	0801	0000	9
		_personajeD    		SMALLCONST     	0812	0000	8
		_personajeI    		SMALLCONST     	080A	0000	8

shared estimated size: 105

C:\Program Files\Microchip\xc8\v2.32\pic\sources\c99\common\sprcmul.c
		___flmul       		CODE           	1E8E	0000	1066

C:\Program Files\Microchip\xc8\v2.32\pic\sources\c99\common\sprcmul.c estimated size: 1066

C:\Program Files\Microchip\xc8\v2.32\pic\sources\c99\common\sprcdiv.c
		___fldiv       		CODE           	22B8	0000	922

C:\Program Files\Microchip\xc8\v2.32\pic\sources\c99\common\sprcdiv.c estimated size: 922

C:\Program Files\Microchip\xc8\v2.32\pic\sources\c99\common\fltol.c
		___fltol       		CODE           	34A4	0000	262

C:\Program Files\Microchip\xc8\v2.32\pic\sources\c99\common\fltol.c estimated size: 262

LCD_lib.c
		_BusyXLCD      		CODE           	3E4C	0000	70
		_LCD_WriteChr_CGRAM		CODE           	3FCE	0000	54
		_SetCGRamAddr  		CODE           	3BD2	0000	118
		_LCD_gotoXY    		CODE           	4004	0000	48
		_DelayFor18TCY 		CODE           	4082	0000	26
		_WriteCmdXLCD  		CODE           	3F5A	0000	62
		_OpenXLCD      		CODE           	36AE	0000	234
		_WriteDataXLCD 		CODE           	3DB4	0000	82
		_SetDDRamAddr  		CODE           	3D08	0000	90
		_DelayPORXLCD  		CODE           	40C4	0000	16
		_putrsXLCD     		CODE           	3ED6	0000	68

LCD_lib.c estimated size: 868

C:\Program Files\Microchip\xc8\v2.32\pic\sources\c99\common\xxtofl.c
		___xxtofl      		CODE           	2CF8	0000	436

C:\Program Files\Microchip\xc8\v2.32\pic\sources\c99\common\xxtofl.c estimated size: 436

C:\Program Files\Microchip\xc8\v2.32\pic\sources\c99\common\nf_fputc.c
		_fputc         		CODE           	3798	0000	202

C:\Program Files\Microchip\xc8\v2.32\pic\sources\c99\common\nf_fputc.c estimated size: 202

C:\Program Files\Microchip\xc8\v2.32\pic\sources\c99\common\aodiv.c
		___aodiv       		CODE           	3042	0000	392

C:\Program Files\Microchip\xc8\v2.32\pic\sources\c99\common\aodiv.c estimated size: 392

main.c
		_LCD_Init      		CODE           	4034	0000	40
		_silencio      		CODE           	31CA	0000	374
		_leerADC       		CODE           	39EC	0000	180
		_tocar_nota    		CODE           	2EAC	0000	406
		_main          		CODE           	3B4A	0000	136
		_cancion1      		CODE           	081E	0000	4528
		_confADC       		CODE           	40B2	0000	18
		_confT0        		CODE           	409C	0000	22

main.c estimated size: 5704

C:\Program Files\Microchip\xc8\v2.32\pic\sources\c99\common\strlen.c
		_strlen        		CODE           	3F98	0000	54

C:\Program Files\Microchip\xc8\v2.32\pic\sources\c99\common\strlen.c estimated size: 54

C:\Program Files\Microchip\xc8\v2.32\pic\sources\c99\common\flge.c
		___flge        		CODE           	35AA	0000	260

C:\Program Files\Microchip\xc8\v2.32\pic\sources\c99\common\flge.c estimated size: 260

